------------------------------------------------------------
TimeQuest Timing Analyzer Summary
------------------------------------------------------------

Type  : Slow 1100mV 85C Model Setup 'Clock'
Slack : -53.373
TNS   : -809.713

Type  : Slow 1100mV 85C Model Hold 'Clock'
Slack : 0.515
TNS   : 0.000

Type  : Slow 1100mV 85C Model Minimum Pulse Width 'Clock'
Slack : 2.957
TNS   : 0.000

Type  : Slow 1100mV 0C Model Setup 'Clock'
Slack : -56.598
TNS   : -856.178

Type  : Slow 1100mV 0C Model Hold 'Clock'
Slack : 0.528
TNS   : 0.000

Type  : Slow 1100mV 0C Model Minimum Pulse Width 'Clock'
Slack : 2.814
TNS   : 0.000

Type  : Fast 1100mV 85C Model Setup 'Clock'
Slack : -17.213
TNS   : -68.306

Type  : Fast 1100mV 85C Model Hold 'Clock'
Slack : 0.180
TNS   : 0.000

Type  : Fast 1100mV 85C Model Minimum Pulse Width 'Clock'
Slack : 3.160
TNS   : 0.000

Type  : Fast 1100mV 0C Model Setup 'Clock'
Slack : -16.279
TNS   : -64.635

Type  : Fast 1100mV 0C Model Hold 'Clock'
Slack : 0.173
TNS   : 0.000

Type  : Fast 1100mV 0C Model Minimum Pulse Width 'Clock'
Slack : 3.162
TNS   : 0.000

------------------------------------------------------------
